// Jest Snapshot v1, https://goo.gl/fbAQLP

exports[`<GameInfo /> should render the game informations 1`] = `
.c2 {
  color: #030517;
  position: relative;
  margin-bottom: 3.2rem;
  font-size: 2.0rem;
}

.c2::after {
  position: absolute;
  display: block;
  content: '';
  width: 5rem;
  border-bottom: 0.5rem solid #F231A5;
}

.c8 {
  display: -webkit-inline-box;
  display: -webkit-inline-flex;
  display: -ms-inline-flexbox;
  display: inline-flex;
  -webkit-align-items: center;
  -webkit-box-align: center;
  -ms-flex-align: center;
  align-items: center;
  -webkit-box-pack: center;
  -webkit-justify-content: center;
  -ms-flex-pack: center;
  justify-content: center;
  background: linear-gradient( 180deg,#ff5f5f -14.51%,#f062c0 102.86%,#f23131 102.86% );
  color: #FAFAFA;
  font-family: Poppins,-apple-system,BlinkMacSystemFont,'Segoe UI',Roboto,Oxygen,Ubuntu,Cantarell,'Open Sans','Helvetica Neue',sans-serif;
  border: 0;
  border-radius: 0.4rem;
  padding: 0.8rem;
  cursor: pointer;
  -webkit-text-decoration: none;
  text-decoration: none;
  height: 5rem;
  font-size: 1.6rem;
  padding: 1.6rem 4.8rem;
}

.c8:hover {
  background: linear-gradient(180deg,#e35565 0%,#d958a6 50%);
}

.c8 svg {
  width: 1.5rem;
}

.c8 svg + span {
  margin-left: 0.8rem;
}

.c10 {
  display: -webkit-inline-box;
  display: -webkit-inline-flex;
  display: -ms-inline-flexbox;
  display: inline-flex;
  -webkit-align-items: center;
  -webkit-box-align: center;
  -ms-flex-align: center;
  align-items: center;
  -webkit-box-pack: center;
  -webkit-justify-content: center;
  -ms-flex-pack: center;
  justify-content: center;
  background: linear-gradient( 180deg,#ff5f5f -14.51%,#f062c0 102.86%,#f23131 102.86% );
  color: #FAFAFA;
  font-family: Poppins,-apple-system,BlinkMacSystemFont,'Segoe UI',Roboto,Oxygen,Ubuntu,Cantarell,'Open Sans','Helvetica Neue',sans-serif;
  border: 0;
  border-radius: 0.4rem;
  padding: 0.8rem;
  cursor: pointer;
  -webkit-text-decoration: none;
  text-decoration: none;
  height: 5rem;
  font-size: 1.6rem;
  padding: 1.6rem 4.8rem;
  background: none;
  color: #F231A5;
}

.c10:hover {
  background: none;
}

.c10 svg {
  width: 1.5rem;
}

.c10 svg + span {
  margin-left: 0.8rem;
}

.c10:hover {
  color: #e20e8d;
}

.c4 {
  position: absolute;
  right: 0;
  top: 2.4rem;
  color: #FAFAFA;
  font-weight: 600;
  display: -webkit-box;
  display: -webkit-flex;
  display: -ms-flexbox;
  display: flex;
  -webkit-align-items: center;
  -webkit-box-align: center;
  -ms-flex-align: center;
  align-items: center;
  background-color: #3CD3C1;
  font-size: 1.4rem;
  padding: 0.8rem 4.0rem;
  height: 3.4rem;
  right: -1.4rem;
}

.c4::before {
  position: absolute;
  content: '';
  border-style: solid;
  right: 0;
  border-right-color: transparent;
  border-bottom-color: transparent;
  border-left-width: 0rem;
}

.c4::before {
  border-top-color: #1f8a7d;
  border-left-color: #1f8a7d;
}

.c4::before {
  top: 3.4rem;
  border-right-width: 1.4rem;
  border-top-width: 0.8rem;
}

.c0 {
  position: relative;
  display: -webkit-box;
  display: -webkit-flex;
  display: -ms-flexbox;
  display: flex;
  -webkit-flex-direction: column;
  -ms-flex-direction: column;
  flex-direction: column;
  background-color: #FAFAFA;
  padding: 2.4rem 2.4rem calc(1.6rem / 2);
}

.c0 .c3 {
  padding: 0.8rem 1.6rem;
  font-size: 2.0rem;
}

.c0 .c7 {
  font-weight: 500;
}

.c5 {
  font-size: 1.4rem;
  color: #8F8F8F;
  margin-bottom: 2.4rem;
}

.c6 .c7 {
  margin-bottom: 1.6rem;
}

.c1 {
  width: calc(100% - 7.5rem);
}

.c9 {
  display: inline-block;
  vertical-align: middle;
  overflow: hidden;
}

@media (min-width:768px) {
  .c2 {
    font-size: 2.8rem;
  }
}

@media (max-width:768px) {
  .c0 .c7 {
    width: 100%;
  }
}

@media (min-width:768px) {
  .c5 {
    max-width: 77rem;
  }
}

@media (min-width:768px) {
  .c6 {
    -webkit-align-self: flex-end;
    -ms-flex-item-align: end;
    align-self: flex-end;
    display: -webkit-box;
    display: -webkit-flex;
    display: -ms-flexbox;
    display: flex;
    -webkit-flex-direction: row-reverse;
    -ms-flex-direction: row-reverse;
    flex-direction: row-reverse;
  }
}

<div
  class="c0"
>
  <div
    class="c1"
  >
    <h2
      class="c2"
      color="black"
    >
      My title
    </h2>
  </div>
  <div
    class="c3 c4"
    color="secondary"
  >
    â‚¬200.00
  </div>
  <p
    class="c5"
  >
    Game description
  </p>
  <div
    class="c6"
  >
    <button
      class="c7 c8"
    >
      <svg
        aria-hidden="true"
        aria-label="add to cart"
        class="c9"
        fill="currentColor"
        focusable="false"
        viewBox="0 0 24 24"
        xmlns="http://www.w3.org/2000/svg"
      >
        <path
          d="M0 0h24v24H0V0z"
          fill="none"
        />
        <path
          d="M11 9h2V6h3V4h-3V1h-2v3H8v2h3v3zm-4 9c-1.1 0-1.99.9-1.99 2S5.9 22 7 22s2-.9 2-2-.9-2-2-2zm10 0c-1.1 0-1.99.9-1.99 2s.89 2 1.99 2 2-.9 2-2-.9-2-2-2zm-8.9-5h7.45c.75 0 1.41-.41 1.75-1.03l3.86-7.01L19.42 4l-3.87 7H8.53L4.27 2H1v2h2l3.6 7.59-1.35 2.44C4.52 15.37 5.48 17 7 17h12v-2H7l1.1-2z"
        />
      </svg>
      <span>
        Add to cart
      </span>
    </button>
    <button
      class="c7 c10"
    >
      <svg
        aria-hidden="true"
        class="c9"
        fill="currentColor"
        focusable="false"
        viewBox="0 0 24 24"
        xmlns="http://www.w3.org/2000/svg"
      >
        <path
          d="M0 0h24v24H0V0z"
          fill="none"
        />
        <path
          d="M16.5 3c-1.74 0-3.41.81-4.5 2.09C10.91 3.81 9.24 3 7.5 3 4.42 3 2 5.42 2 8.5c0 3.78 3.4 6.86 8.55 11.54L12 21.35l1.45-1.32C18.6 15.36 22 12.28 22 8.5 22 5.42 19.58 3 16.5 3zm-4.4 15.55l-.1.1-.1-.1C7.14 14.24 4 11.39 4 8.5 4 6.5 5.5 5 7.5 5c1.54 0 3.04.99 3.57 2.36h1.87C13.46 5.99 14.96 5 16.5 5c2 0 3.5 1.5 3.5 3.5 0 2.89-3.14 5.74-7.9 10.05z"
        />
      </svg>
      <span>
        Wishlist
      </span>
    </button>
  </div>
</div>
`
