// Jest Snapshot v1, https://goo.gl/fbAQLP

exports[`<Button /> should render the medium size by default 1`] = `
.c0 {
  background: linear-gradient( 180deg,#ff5f5f -14.51%,#f062c0 102.86%,#f23131 102.86% );
  color: #FAFAFA;
  border: 0;
  border-radius: 0.4rem;
  padding: 0.8rem;
  cursor: pointer;
  height: 4rem;
  font-size: 1.4rem;
  padding: 0.8rem 3.2rem;
}

.c0:hover {
  background: linear-gradient(180deg,#e35565 0%,#d958a6 100%),linear-gradient( 178.59deg,#ff5f5f -14.51%,#f062c0 102.86%,#f23131 102.86% );
}

<button
  class="c0"
>
  <span>
    Buy now
  </span>
</button>
`
